============================================================
  Generated by:           Genus(TM) Synthesis Solution 21.10-p002_1
  Generated on:           Sep 30 2026  01:58:10 am
  Module:                 ei_pe
  Operating conditions:   PVT_0P9V_125C (balanced_tree)
  Wireload mode:          enclosed
  Area mode:              timing library
============================================================

Timing
--------

 Clock  Period 
---------------
sys_clk 1810.0 


  Cost    Critical         Violating 
 Group   Path Slack  TNS     Paths   
-------------------------------------
default    No paths   0.0            
sys_clk         0.0   0.0          0 
-------------------------------------
Total                 0.0          0 

Instance Count
--------------
Leaf Instance Count             37963 
Physical Instance count             0 
Sequential Instance Count        5953 
Combinational Instance Count    32010 
Hierarchical Instance Count      4413 

Area
----
Cell Area                          92701.203
Physical Cell Area                 0.000
Total Cell Area (Cell+Physical)    92701.203
Net Area                           0.000
Total Area (Cell+Physical+Net)     92701.203

Max Fanout                         5953 (sys_clk)
Min Fanout                         0 (n_960)
Average Fanout                     2.5
Terms to net ratio                 3.5023
Terms to instance ratio            3.5466
Runtime                            2083.617616000012 seconds
Elapsed Runtime                    2092 seconds
Genus peak memory usage            1684.42 
Innovus peak memory usage          no_value 
Hostname                           asiclab
