============================================================
  Generated by:           Genus(TM) Synthesis Solution 21.10-p002_1
  Generated on:           Sep 30 2026  01:58:05 am
  Module:                 ei_pe
  Operating conditions:   PVT_0P9V_125C (balanced_tree)
  Wireload mode:          enclosed
  Area mode:              timing library
============================================================


Path 1: MET (0 ps) Setup Check with Pin u_residual_GEN_FP_ADDERS[7].u_fp_adder_retime_s3_428_reg/CK->SI
          Group: sys_clk
     Startpoint: (R) u_residual_GEN_FP_ADDERS[7].u_fp_adder_retime_s2_489_reg/CK
          Clock: (R) sys_clk
       Endpoint: (R) u_residual_GEN_FP_ADDERS[7].u_fp_adder_retime_s3_428_reg/SI
          Clock: (R) sys_clk

                     Capture       Launch     
        Clock Edge:+    1810            0     
       Src Latency:+       0            0     
       Net Latency:+       0 (I)        0 (I) 
           Arrival:=    1810            0     
                                              
             Setup:-     168                  
       Uncertainty:-      50                  
     Required Time:=    1592                  
      Launch Clock:-       0                  
         Data Path:-    1592                  
             Slack:=       0                  

#------------------------------------------------------------------------------------------------------------------------------------
#                        Timing Point                         Flags   Arc   Edge   Cell     Fanout Load Trans Delay Arrival Instance 
#                                                                                                  (fF)  (ps)  (ps)   (ps)  Location 
#------------------------------------------------------------------------------------------------------------------------------------
  u_residual_GEN_FP_ADDERS[7].u_fp_adder_retime_s2_489_reg/CK -       -     R     (arrival)   5953    -   100     0       0    (-,-) 
  u_residual_GEN_FP_ADDERS[7].u_fp_adder_retime_s2_489_reg/Q  -       CK->Q F     SDFFQX1        5  1.2    43   252     252    (-,-) 
  g220287/Y                                                   -       AN->Y F     NOR2BX1        2  0.7    39    79     331    (-,-) 
  g217559/Y                                                   -       A->Y  R     NOR2X1         3  0.8    64    71     402    (-,-) 
  g224663/Y                                                   -       AN->Y R     NOR2BX1        1  0.8    68   119     521    (-,-) 
  g211592/Y                                                   -       A1->Y F     OAI21X2        1  0.7    72    87     608    (-,-) 
  g210920/Y                                                   -       C->Y  R     NAND3X2        2  0.8    43    55     663    (-,-) 
  g210274/Y                                                   -       B->Y  F     NAND2X1        3  1.0    90    83     746    (-,-) 
  g209252/Y                                                   -       B->Y  R     NOR2X1         2  0.6    60    84     829    (-,-) 
  g209048/Y                                                   -       A->Y  F     INVXL          2  0.7    51    68     897    (-,-) 
  g208484/Y                                                   -       A1->Y R     AOI21X1        1  0.2    45    67     964    (-,-) 
  g208043/Y                                                   -       B->Y  F     NOR2XL         1  0.4    50    52    1016    (-,-) 
  g207554/Y                                                   -       B->Y  R     CLKXOR2X1      3  1.4    47   151    1167    (-,-) 
  g207159/Y                                                   -       B->Y  F     NAND2X2        4  1.1    68    70    1237    (-,-) 
  g246929/Y                                                   -       C->Y  R     NOR3BXL        1  0.2    76    82    1319    (-,-) 
  g206541/Y                                                   -       B->Y  R     AND2XL         2  0.4    27   126    1445    (-,-) 
  g246907/Y                                                   -       B0->Y F     AOI2BB1XL      1  0.2    34    44    1488    (-,-) 
  g224417/Y                                                   -       A->Y  F     AND2X1         2  0.6    29    72    1560    (-,-) 
  g205397/Y                                                   -       B->Y  R     NAND2BX1       1  0.4    27    32    1592    (-,-) 
  u_residual_GEN_FP_ADDERS[7].u_fp_adder_retime_s3_428_reg/SI <<<     -     R     SDFFHQX1       1    -     -     0    1592    (-,-) 
#------------------------------------------------------------------------------------------------------------------------------------

