============================================================
  Generated by:           Genus(TM) Synthesis Solution 21.10-p002_1
  Generated on:           Sep 30 2026  01:58:10 am
  Module:                 ei_pe
  Operating conditions:   PVT_0P9V_125C (balanced_tree)
  Wireload mode:          enclosed
  Area mode:              timing library
============================================================

              Instance                          Module            Cell Count  Cell Area  Net Area   Total Area   Wireload  
---------------------------------------------------------------------------------------------------------------------------
ei_pe                                                                  37963  92701.203     0.000    92701.203 <none> (D)  
  u_acc_u_adder                      ei_adder_fp16_471                  1134   2777.040     0.000     2777.040 <none> (D)  
  u_pe_muxpool_mul8_u_mul11          ei_multiplier_17461                 917   1971.972     0.000     1971.972 <none> (D)  
  u_pe_muxpool_pool_mul_u_mul11      ei_multiplier_17460                 946   2053.368     0.000     2053.368 <none> (D)  
  u_pe_muxpool_u_max_pooling_g0      ei_fp16_2num_comparator             112    377.568     0.000      377.568 <none> (D)  
  u_pe_muxpool_u_max_pooling_g1      ei_fp16_2num_comparator_494         117    382.014     0.000      382.014 <none> (D)  
  u_pe_muxpool_u_max_pooling_g2      ei_fp16_2num_comparator_493         113    376.884     0.000      376.884 <none> (D)  
  u_pe_muxpool_u_max_pooling_g3      ei_fp16_2num_comparator_492         112    378.936     0.000      378.936 <none> (D)  
  u_pe_muxpool_u_max_pooling_g4      ei_fp16_2num_comparator_491         113    162.912     0.000      162.912 <none> (D)  
  u_pe_muxpool_u_max_pooling_g5      ei_fp16_2num_comparator_490         113    162.912     0.000      162.912 <none> (D)  
  u_pe_muxpool_u_max_pooling_g6      ei_fp16_2num_comparator_489          77    130.302     0.000      130.302 <none> (D)  
  u_pe_muxpool_u_max_pooling_g7      ei_fp16_2num_comparator_488         106    149.522     0.000      149.522 <none> (D)  
  u_pe_muxpool_u_tree_u_add_l2_0     ei_adder_fp16_484                  1284   2978.341     0.000     2978.341 <none> (D)  
  u_pe_muxpool_u_tree_u_add_l2_1     ei_adder_fp16_483                  1260   2889.216     0.000     2889.216 <none> (D)  
  u_pe_muxpool_u_tree_u_add_l3_0     ei_adder_fp16_482                  1263   3045.903     0.000     3045.903 <none> (D)  
  u_pe_muxpool_u_tree_u_add_l4_final ei_adder_fp16_481                  1248   3073.144     0.000     3073.144 <none> (D)  
  (D) = wireload is default in technology library
