
Power Net Detected:
        Voltage	    Name
             0V	    VSS
           0.9V	    VDD
Using Power View: wc.
AAE_INFO: opIsDesignInPostRouteState() is 1
#################################################################################
# Design Stage: PostRoute
# Design Name: ei_pe
# Design Mode: 45nm
# Analysis Mode: MMMC OCV 
# Parasitics Mode: SPEF/RCDB 
# Signoff Settings: SI Off 
#################################################################################
Start delay calculation (fullDC) (1 T). (MEM=3068.5)
Total number of fetched objects 41469
AAE_INFO: Total number of nets for which stage creation was skipped for all views 0
End delay calculation. (MEM=3068.5 CPU=0:00:04.8 REAL=0:00:05.0)
End delay calculation (fullDC). (MEM=3068.5 CPU=0:00:05.6 REAL=0:00:06.0)
Load RC corner of view wc

Begin Power Analysis

             0V	    VSS
           0.9V	    VDD

Begin Processing Timing Library for Power Calculation

Ended Processing Timing Library for Power Calculation: (cpu=0:00:00, real=0:00:00, mem(process/total/peak)=2331.12MB/4585.35MB/2803.09MB)



Begin Processing Power Net/Grid for Power Calculation

Ended Processing Power Net/Grid for Power Calculation: (cpu=0:00:00, real=0:00:00, mem(process/total/peak)=2331.30MB/4585.35MB/2803.09MB)

Begin Processing Timing Window Data for Power Calculation

sys_clk(454.545MHz) CK: assigning clock sys_clk to net sys_clk
Ended Processing Timing Window Data for Power Calculation: (cpu=0:00:00, real=0:00:00, mem(process/total/peak)=2332.92MB/4585.35MB/2803.09MB)

Begin Processing User Attributes

Ended Processing User Attributes: (cpu=0:00:00, real=0:00:00, mem(process/total/peak)=2333.00MB/4585.35MB/2803.09MB)

Begin Processing Signal Activity


Starting Levelizing
2026-Oct-02 11:06:25 (2026-Oct-02 04:06:25 GMT)
2026-Oct-02 11:06:25 (2026-Oct-02 04:06:25 GMT): 10%
2026-Oct-02 11:06:25 (2026-Oct-02 04:06:25 GMT): 20%
2026-Oct-02 11:06:25 (2026-Oct-02 04:06:25 GMT): 30%
2026-Oct-02 11:06:25 (2026-Oct-02 04:06:25 GMT): 40%
2026-Oct-02 11:06:25 (2026-Oct-02 04:06:25 GMT): 50%
2026-Oct-02 11:06:25 (2026-Oct-02 04:06:25 GMT): 60%
2026-Oct-02 11:06:25 (2026-Oct-02 04:06:25 GMT): 70%
2026-Oct-02 11:06:25 (2026-Oct-02 04:06:25 GMT): 80%
2026-Oct-02 11:06:26 (2026-Oct-02 04:06:26 GMT): 90%

Finished Levelizing
2026-Oct-02 11:06:26 (2026-Oct-02 04:06:26 GMT)

Starting Activity Propagation
2026-Oct-02 11:06:26 (2026-Oct-02 04:06:26 GMT)
** INFO:  (VOLTUS_POWR-1356): No default input activity has been set. Defaulting to 0.2.
Use 'set_default_switching_activity -input_activity' command to change the default activity value.

2026-Oct-02 11:06:26 (2026-Oct-02 04:06:26 GMT): 10%
2026-Oct-02 11:06:26 (2026-Oct-02 04:06:26 GMT): 20%

Finished Activity Propagation
2026-Oct-02 11:06:27 (2026-Oct-02 04:06:27 GMT)
Ended Processing Signal Activity: (cpu=0:00:01, real=0:00:01, mem(process/total/peak)=2333.94MB/4585.35MB/2803.09MB)

Begin Power Computation

      ----------------------------------------------------------
      # of cell(s) missing both power/leakage table: 0
      # of cell(s) missing power table: 0
      # of cell(s) missing leakage table: 0
      ----------------------------------------------------------



Starting Calculating power
2026-Oct-02 11:06:27 (2026-Oct-02 04:06:27 GMT)
 ... Calculating switching power
2026-Oct-02 11:06:27 (2026-Oct-02 04:06:27 GMT): 10%
2026-Oct-02 11:06:27 (2026-Oct-02 04:06:27 GMT): 20%
2026-Oct-02 11:06:27 (2026-Oct-02 04:06:27 GMT): 30%
2026-Oct-02 11:06:27 (2026-Oct-02 04:06:27 GMT): 40%
2026-Oct-02 11:06:27 (2026-Oct-02 04:06:27 GMT): 50%
 ... Calculating internal and leakage power
2026-Oct-02 11:06:28 (2026-Oct-02 04:06:28 GMT): 60%
2026-Oct-02 11:06:28 (2026-Oct-02 04:06:28 GMT): 70%
2026-Oct-02 11:06:29 (2026-Oct-02 04:06:29 GMT): 80%
2026-Oct-02 11:06:30 (2026-Oct-02 04:06:30 GMT): 90%

Finished Calculating power
2026-Oct-02 11:06:30 (2026-Oct-02 04:06:30 GMT)
      # of MSMV cell(s) missing power_level: 0
Ended Power Computation: (cpu=0:00:03, real=0:00:03, mem(process/total/peak)=2335.10MB/4593.36MB/2803.09MB)

Begin Processing User Attributes

Ended Processing User Attributes: (cpu=0:00:00, real=0:00:00, mem(process/total/peak)=2335.10MB/4593.36MB/2803.09MB)

Ended Power Analysis: (cpu=0:00:05, real=0:00:05, mem(process/total/peak)=2335.17MB/4593.36MB/2803.09MB)

Begin Boundary Leakage Calculation
Ended Boundary Leakage Calculation: (cpu=0:00:00, real=0:00:00,
mem(process/total/peak)=2335.18MB/4593.36MB/2803.09MB)
Begin Static Power Report Generation
*----------------------------------------------------------------------------------------
*	Innovus 21.19-s058_1 (64bit) 04/04/2024 09:59 (Linux 3.10.0-693.el7.x86_64)
*	
*
* 	Date & Time:	2026-Oct-02 11:06:30 (2026-Oct-02 04:06:30 GMT)
*
*----------------------------------------------------------------------------------------
*
*	Design: ei_pe
*
*	Liberty Libraries used:
*	        wc: ../LIB/slow_vdd1v0_basiccells.lib
*
*	Parasitic Files used:
*
*       Power View : wc
*
*       User-Defined Activity : N.A.
*
*       Activity File: N.A.
*
*       Hierarchical Global Activity: N.A.
*
*       Global Activity: N.A.
*
*       Sequential Element Activity: 0.200000
*
*       Primary Input Activity: 0.200000
*
*       Default icg ratio: N.A.
*
*       Global Comb ClockGate Ratio: N.A.
*
*	Power Units = 1mW
*
*	Time Units = 1e-09 secs
*
*       report_power
*
-----------------------------------------------------------------------------------------
*



Total Power
-----------------------------------------------------------------------------------------
Total Internal Power:       10.44448651 	   61.3040%
Total Switching Power:       6.59035136 	   38.6821%
Total Leakage Power:         0.00237231 	    0.0139%
Total Power:                17.03721018
-----------------------------------------------------------------------------------------


Group                           Internal   Switching     Leakage       Total  Percentage 
                                Power      Power         Power         Power  (%)        
-----------------------------------------------------------------------------------------
Sequential                         6.597        1.05   0.0007983       7.648       44.89
Macro                                  0           0           0           0           0
IO                                     0           0           0           0           0
Combinational                      3.055       3.502    0.001521       6.559        38.5
Clock (Combinational)             0.7922       2.039   5.305e-05       2.831       16.62
Clock (Sequential)                     0           0           0           0           0
-----------------------------------------------------------------------------------------
Total                              10.44        6.59    0.002372       17.04         100
-----------------------------------------------------------------------------------------


Rail                  Voltage   Internal   Switching     Leakage       Total  Percentage 
                                Power      Power         Power         Power  (%)        
-----------------------------------------------------------------------------------------
VDD                       0.9      10.44        6.59    0.002372       17.04         100


Clock                           Internal   Switching     Leakage       Total  Percentage 
                                Power      Power         Power         Power  (%)        
-----------------------------------------------------------------------------------------
sys_clk                           0.7922       2.039   5.305e-05       2.831       16.62
-----------------------------------------------------------------------------------------
Total                             0.7922       2.039   5.305e-05       2.831       16.62
-----------------------------------------------------------------------------------------
Clock: sys_clk
Clock Period: 0.002200 usec 
Clock Toggle Rate:   909.0909 Mhz 
Clock Static Probability:  0.5000
  
 
 
-----------------------------------------------------------------------------------------
*	Power Distribution Summary: 
*              Highest Average Power:       CTS_ccl_a_buf_00257 (CLKBUFX4):         0.007835
*              Highest Leakage Power:  FE_OFC3776_FE_DBTN0_n_43 (CLKBUFX20):        6.224e-07
*                Total Cap:      1.1205e-10 F
*                Total instances in design: 40984
*                Total instances in design with no power:     0
*                Total instances in design with no activty:     0

*                Total Fillers and Decap:     0
-----------------------------------------------------------------------------------------
 
** INFO:  (VOLTUS_POWR-3465): There are 0 decaps and 0 fillers in the design

Ended Static Power Report Generation: (cpu=0:00:00, real=0:00:00,
mem(process/total/peak)=2337.33MB/4593.36MB/2803.09MB)

