###############################################################
#  Generated by:      Cadence Innovus 21.19-s058_1
#  OS:                Linux x86_64(Host ID asiclab)
#  Generated on:      Fri Oct  2 12:22:51 2026
#  Design:            ei_pe
#  Command:           report_timing -early -max_paths 10 > reports/ei_pe_hold_timing.rpt
###############################################################
Path 1: MET (0.564 ns) Hold Check with Pin u_pe_muxpool_pool_mul_retime_s1_231_reg/CK->SI
               View: bc
              Group: sys_clk
         Startpoint: (F) const_pool[10]
              Clock: (R) sys_clk
           Endpoint: (F) u_pe_muxpool_pool_mul_retime_s1_231_reg/SI
              Clock: (R) sys_clk

                       Capture       Launch
         Clock Edge:+    0.000        0.000
        Src Latency:+   -1.074       -0.285
        Net Latency:+    0.353 (P)    0.000 (I)
            Arrival:=   -0.721       -0.285

               Hold:+   -0.027
        Uncertainty:+    0.005
      Required Time:=   -0.743
       Launch Clock:=   -0.285
        Input Delay:+    0.100
          Data Path:+    0.006
              Slack:=    0.564

#-------------------------------------------------------------------------------------------------------------------
# Timing Point                                Flags  Arc             Edge  Cell       Fanout  Trans   Delay  Arrival  
#                                                                                              (ns)    (ns)     (ns)  
#-------------------------------------------------------------------------------------------------------------------
  const_pool[10]                              -      const_pool[10]  F     (arrival)       2  0.100   0.006   -0.179  
  u_pe_muxpool_pool_mul_retime_s1_231_reg/SI  -      SI              F     SDFFHQX4        2  0.100   0.000   -0.179  
#-------------------------------------------------------------------------------------------------------------------
Path 2: MET (0.566 ns) Hold Check with Pin u_pe_muxpool_pool_mul_retime_s1_260_reg/CK->SI
               View: bc
              Group: sys_clk
         Startpoint: (F) const_pool[4]
              Clock: (R) sys_clk
           Endpoint: (F) u_pe_muxpool_pool_mul_retime_s1_260_reg/SI
              Clock: (R) sys_clk

                       Capture       Launch
         Clock Edge:+    0.000        0.000
        Src Latency:+   -1.074       -0.285
        Net Latency:+    0.353 (P)    0.000 (I)
            Arrival:=   -0.721       -0.285

               Hold:+   -0.031
        Uncertainty:+    0.005
      Required Time:=   -0.748
       Launch Clock:=   -0.285
        Input Delay:+    0.100
          Data Path:+    0.004
              Slack:=    0.566

#------------------------------------------------------------------------------------------------------------------
# Timing Point                                Flags  Arc            Edge  Cell       Fanout  Trans   Delay  Arrival  
#                                                                                             (ns)    (ns)     (ns)  
#------------------------------------------------------------------------------------------------------------------
  const_pool[4]                               -      const_pool[4]  F     (arrival)       2  0.100   0.004   -0.181  
  u_pe_muxpool_pool_mul_retime_s1_260_reg/SI  -      SI             F     SDFFQX1         2  0.100   0.000   -0.181  
#------------------------------------------------------------------------------------------------------------------
Path 3: MET (0.566 ns) Hold Check with Pin u_pe_muxpool_pool_mul_retime_s1_259_reg/CK->SI
               View: bc
              Group: sys_clk
         Startpoint: (F) const_pool[4]
              Clock: (R) sys_clk
           Endpoint: (F) u_pe_muxpool_pool_mul_retime_s1_259_reg/SI
              Clock: (R) sys_clk

                       Capture       Launch
         Clock Edge:+    0.000        0.000
        Src Latency:+   -1.074       -0.285
        Net Latency:+    0.353 (P)    0.000 (I)
            Arrival:=   -0.721       -0.285

               Hold:+   -0.031
        Uncertainty:+    0.005
      Required Time:=   -0.748
       Launch Clock:=   -0.285
        Input Delay:+    0.100
          Data Path:+    0.004
              Slack:=    0.566

#------------------------------------------------------------------------------------------------------------------
# Timing Point                                Flags  Arc            Edge  Cell       Fanout  Trans   Delay  Arrival  
#                                                                                             (ns)    (ns)     (ns)  
#------------------------------------------------------------------------------------------------------------------
  const_pool[4]                               -      const_pool[4]  F     (arrival)       2  0.100   0.004   -0.181  
  u_pe_muxpool_pool_mul_retime_s1_259_reg/SI  -      SI             F     SDFFQX1         2  0.100   0.000   -0.181  
#------------------------------------------------------------------------------------------------------------------
Path 4: MET (0.567 ns) Hold Check with Pin u_pe_muxpool_pool_mul_retime_s1_180_reg/CK->SI
               View: bc
              Group: sys_clk
         Startpoint: (F) const_pool[3]
              Clock: (R) sys_clk
           Endpoint: (F) u_pe_muxpool_pool_mul_retime_s1_180_reg/SI
              Clock: (R) sys_clk

                       Capture       Launch
         Clock Edge:+    0.000        0.000
        Src Latency:+   -1.074       -0.285
        Net Latency:+    0.353 (P)    0.000 (I)
            Arrival:=   -0.721       -0.285

               Hold:+   -0.031
        Uncertainty:+    0.005
      Required Time:=   -0.748
       Launch Clock:=   -0.285
        Input Delay:+    0.100
          Data Path:+    0.004
              Slack:=    0.567

#------------------------------------------------------------------------------------------------------------------
# Timing Point                                Flags  Arc            Edge  Cell       Fanout  Trans   Delay  Arrival  
#                                                                                             (ns)    (ns)     (ns)  
#------------------------------------------------------------------------------------------------------------------
  const_pool[3]                               -      const_pool[3]  F     (arrival)       2  0.100   0.004   -0.181  
  u_pe_muxpool_pool_mul_retime_s1_180_reg/SI  -      SI             F     SDFFQX1         2  0.100   0.000   -0.181  
#------------------------------------------------------------------------------------------------------------------
Path 5: MET (0.568 ns) Hold Check with Pin u_pe_muxpool_pool_mul_retime_s1_187_reg/CK->SI
               View: bc
              Group: sys_clk
         Startpoint: (F) const_pool[0]
              Clock: (R) sys_clk
           Endpoint: (F) u_pe_muxpool_pool_mul_retime_s1_187_reg/SI
              Clock: (R) sys_clk

                       Capture       Launch
         Clock Edge:+    0.000        0.000
        Src Latency:+   -1.074       -0.285
        Net Latency:+    0.353 (P)    0.000 (I)
            Arrival:=   -0.721       -0.285

               Hold:+   -0.031
        Uncertainty:+    0.005
      Required Time:=   -0.748
       Launch Clock:=   -0.285
        Input Delay:+    0.100
          Data Path:+    0.005
              Slack:=    0.568

#------------------------------------------------------------------------------------------------------------------
# Timing Point                                Flags  Arc            Edge  Cell       Fanout  Trans   Delay  Arrival  
#                                                                                             (ns)    (ns)     (ns)  
#------------------------------------------------------------------------------------------------------------------
  const_pool[0]                               -      const_pool[0]  F     (arrival)       2  0.100   0.005   -0.180  
  u_pe_muxpool_pool_mul_retime_s1_187_reg/SI  -      SI             F     SDFFQX1         2  0.100   0.000   -0.180  
#------------------------------------------------------------------------------------------------------------------
Path 6: MET (0.568 ns) Hold Check with Pin u_pe_muxpool_pool_mul_retime_s1_186_reg/CK->SI
               View: bc
              Group: sys_clk
         Startpoint: (F) const_pool[0]
              Clock: (R) sys_clk
           Endpoint: (F) u_pe_muxpool_pool_mul_retime_s1_186_reg/SI
              Clock: (R) sys_clk

                       Capture       Launch
         Clock Edge:+    0.000        0.000
        Src Latency:+   -1.074       -0.285
        Net Latency:+    0.353 (P)    0.000 (I)
            Arrival:=   -0.721       -0.285

               Hold:+   -0.031
        Uncertainty:+    0.005
      Required Time:=   -0.748
       Launch Clock:=   -0.285
        Input Delay:+    0.100
          Data Path:+    0.005
              Slack:=    0.568

#------------------------------------------------------------------------------------------------------------------
# Timing Point                                Flags  Arc            Edge  Cell       Fanout  Trans   Delay  Arrival  
#                                                                                             (ns)    (ns)     (ns)  
#------------------------------------------------------------------------------------------------------------------
  const_pool[0]                               -      const_pool[0]  F     (arrival)       2  0.100   0.005   -0.180  
  u_pe_muxpool_pool_mul_retime_s1_186_reg/SI  -      SI             F     SDFFQX1         2  0.100   0.000   -0.180  
#------------------------------------------------------------------------------------------------------------------
Path 7: MET (0.568 ns) Hold Check with Pin u_pe_muxpool_pool_mul_retime_s1_230_reg/CK->SI
               View: bc
              Group: sys_clk
         Startpoint: (F) const_pool[10]
              Clock: (R) sys_clk
           Endpoint: (F) u_pe_muxpool_pool_mul_retime_s1_230_reg/SI
              Clock: (R) sys_clk

                       Capture       Launch
         Clock Edge:+    0.000        0.000
        Src Latency:+   -1.074       -0.285
        Net Latency:+    0.353 (P)    0.000 (I)
            Arrival:=   -0.721       -0.285

               Hold:+   -0.031
        Uncertainty:+    0.005
      Required Time:=   -0.748
       Launch Clock:=   -0.285
        Input Delay:+    0.100
          Data Path:+    0.005
              Slack:=    0.568

#-------------------------------------------------------------------------------------------------------------------
# Timing Point                                Flags  Arc             Edge  Cell       Fanout  Trans   Delay  Arrival  
#                                                                                              (ns)    (ns)     (ns)  
#-------------------------------------------------------------------------------------------------------------------
  const_pool[10]                              -      const_pool[10]  F     (arrival)       2  0.100   0.005   -0.180  
  u_pe_muxpool_pool_mul_retime_s1_230_reg/SI  -      SI              F     SDFFQX1         2  0.100   0.000   -0.180  
#-------------------------------------------------------------------------------------------------------------------
Path 8: MET (0.569 ns) Hold Check with Pin u_pe_muxpool_pool_mul_retime_s1_126_reg/CK->SI
               View: bc
              Group: sys_clk
         Startpoint: (F) const_pool[5]
              Clock: (R) sys_clk
           Endpoint: (F) u_pe_muxpool_pool_mul_retime_s1_126_reg/SI
              Clock: (R) sys_clk

                       Capture       Launch
         Clock Edge:+    0.000        0.000
        Src Latency:+   -1.074       -0.285
        Net Latency:+    0.353 (P)    0.000 (I)
            Arrival:=   -0.721       -0.285

               Hold:+   -0.031
        Uncertainty:+    0.005
      Required Time:=   -0.748
       Launch Clock:=   -0.285
        Input Delay:+    0.100
          Data Path:+    0.006
              Slack:=    0.569

#------------------------------------------------------------------------------------------------------------------
# Timing Point                                Flags  Arc            Edge  Cell       Fanout  Trans   Delay  Arrival  
#                                                                                             (ns)    (ns)     (ns)  
#------------------------------------------------------------------------------------------------------------------
  const_pool[5]                               -      const_pool[5]  F     (arrival)       2  0.100   0.006   -0.179  
  u_pe_muxpool_pool_mul_retime_s1_126_reg/SI  -      SI             F     SDFFQX1         2  0.100   0.000   -0.179  
#------------------------------------------------------------------------------------------------------------------
Path 9: MET (0.569 ns) Hold Check with Pin u_pe_muxpool_pool_mul_retime_s1_125_reg/CK->SI
               View: bc
              Group: sys_clk
         Startpoint: (F) const_pool[5]
              Clock: (R) sys_clk
           Endpoint: (F) u_pe_muxpool_pool_mul_retime_s1_125_reg/SI
              Clock: (R) sys_clk

                       Capture       Launch
         Clock Edge:+    0.000        0.000
        Src Latency:+   -1.074       -0.285
        Net Latency:+    0.353 (P)    0.000 (I)
            Arrival:=   -0.721       -0.285

               Hold:+   -0.031
        Uncertainty:+    0.005
      Required Time:=   -0.748
       Launch Clock:=   -0.285
        Input Delay:+    0.100
          Data Path:+    0.006
              Slack:=    0.569

#------------------------------------------------------------------------------------------------------------------
# Timing Point                                Flags  Arc            Edge  Cell       Fanout  Trans   Delay  Arrival  
#                                                                                             (ns)    (ns)     (ns)  
#------------------------------------------------------------------------------------------------------------------
  const_pool[5]                               -      const_pool[5]  F     (arrival)       2  0.100   0.006   -0.179  
  u_pe_muxpool_pool_mul_retime_s1_125_reg/SI  -      SI             F     SDFFQX1         2  0.100   0.000   -0.179  
#------------------------------------------------------------------------------------------------------------------
Path 10: MET (0.570 ns) Hold Check with Pin u_pe_muxpool_pool_mul_retime_s1_555_reg/CK->SI
               View: bc
              Group: sys_clk
         Startpoint: (F) const_pool[9]
              Clock: (R) sys_clk
           Endpoint: (F) u_pe_muxpool_pool_mul_retime_s1_555_reg/SI
              Clock: (R) sys_clk

                       Capture       Launch
         Clock Edge:+    0.000        0.000
        Src Latency:+   -1.074       -0.285
        Net Latency:+    0.353 (P)    0.000 (I)
            Arrival:=   -0.721       -0.285

               Hold:+   -0.031
        Uncertainty:+    0.005
      Required Time:=   -0.748
       Launch Clock:=   -0.285
        Input Delay:+    0.100
          Data Path:+    0.007
              Slack:=    0.570

#------------------------------------------------------------------------------------------------------------------
# Timing Point                                Flags  Arc            Edge  Cell       Fanout  Trans   Delay  Arrival  
#                                                                                             (ns)    (ns)     (ns)  
#------------------------------------------------------------------------------------------------------------------
  const_pool[9]                               -      const_pool[9]  F     (arrival)       2  0.100   0.007   -0.178  
  u_pe_muxpool_pool_mul_retime_s1_555_reg/SI  -      SI             F     SDFFQX1         2  0.100   0.000   -0.178  
#------------------------------------------------------------------------------------------------------------------

