###############################################################
#  Generated by:      Cadence Innovus 21.19-s058_1
#  OS:                Linux x86_64(Host ID asiclab)
#  Generated on:      Fri Oct  2 12:22:22 2026
#  Design:            ei_pe
#  Command:           report_timing_summary > reports/ei_pe_timing_summary.rpt
###############################################################
# SETUP                WNS    TNS   FEP   
#----------------------------------------
 View : ALL          0.484  0.000     0  
    Group : in2out   2.329  0.000     0  
    Group : reg2out  0.484  0.000     0  
    Group : in2reg   1.397    0.0     0  
    Group : reg2reg  0.799    0.0     0  
                                         
#----------------------------------------
 
# HOLD                 WNS    TNS   FEP   
#----------------------------------------
 View : ALL          0.564  0.000     0  
    Group : in2out   0.984  0.000     0  
    Group : reg2out  1.337  0.000     0  
    Group : in2reg   0.564    0.0     0  
    Group : reg2reg  0.844    0.0     0  
                                         
#----------------------------------------
 
# DRV                           WNS      TNS   FEP   
#---------------------------------------------------
 View : ALL                                         
    Check : max_transition   -0.265  -19.217    96  
    Check : min_transition      N/A      N/A     0  
    Check : max_capacitance     N/A      N/A     0  
    Check : min_capacitance     N/A      N/A     0  
    Check : max_fanout          N/A      N/A     0  
    Check : min_fanout          N/A      N/A     0  
                                                    
#---------------------------------------------------
 
# Clock checks                              WNS    TNS   FEP   
#-------------------------------------------------------------
 View : ALL                                                   
    Check : min_pulse_width (clocktree)     N/A    N/A     0  
    Check : min_pulse_width (endpoints)   1.499  0.000     0  
    Check : max_skew                        N/A    N/A     0  
    Check : min_period                      N/A    N/A     0  
                                                              
#-------------------------------------------------------------
 
