###############################################################
#  Generated by:      Cadence Innovus 21.19-s058_1
#  OS:                Linux x86_64(Host ID asiclab)
#  Generated on:      Fri Oct  2 12:22:41 2026
#  Design:            ei_pe
#  Command:           report_timing -late -max_paths 10 > reports/ei_pe_setup_timing.rpt
###############################################################
Path 1: MET (0.484 ns) Late Output Delay Assertion
               View: wc
              Group: sys_clk
         Startpoint: (R) retime_s1_1_reg/CK
              Clock: (R) sys_clk
           Endpoint: (R) residual_valid_out
              Clock: (R) sys_clk

                       Capture       Launch
         Clock Edge:+    2.240        0.000
        Src Latency:+   -0.285       -1.074
        Net Latency:+    0.000 (P)    1.134 (P)
            Arrival:=    1.955        0.060

       Output Delay:-    0.350
      Required Time:=    1.605
       Launch Clock:=    0.060
          Data Path:+    1.061
              Slack:=    0.484

#--------------------------------------------------------------------------------------------------
# Timing Point          Flags  Arc                 Edge  Cell        Fanout  Trans   Delay  Arrival  
#                                                                             (ns)    (ns)     (ns)  
#--------------------------------------------------------------------------------------------------
  retime_s1_1_reg/CK    -      CK                  R     (arrival)       17  0.081       -    0.060  
  retime_s1_1_reg/Q     -      CK->Q               F     MDFFHQX4        35  0.081   0.340    0.400  
  FE_OFC1528_n_22317/Y  -      A->Y                F     BUFX3           16  0.161   0.225    0.625  
  g242229/Y             -      A->Y                R     INVX2            5  0.194   0.173    0.797  
  g240024/Y             -      B->Y                R     CLKAND2X12       1  0.150   0.323    1.121  
  residual_valid_out    -      residual_valid_out  R     -                1  0.355   0.000    1.121  
#--------------------------------------------------------------------------------------------------
Path 2: MET (0.799 ns) Setup Check with Pin u_pe_muxpool_mul0_retime_s4_379_reg/CK->D
               View: wc
              Group: sys_clk
         Startpoint: (R) u_pe_muxpool_mul0_u_mul11_retime_s3_696_reg/CK
              Clock: (R) sys_clk
           Endpoint: (R) u_pe_muxpool_mul0_retime_s4_379_reg/D
              Clock: (R) sys_clk

                       Capture       Launch
         Clock Edge:+    2.240        0.000
        Src Latency:+   -0.285       -1.074
        Net Latency:+    1.115 (P)    1.123 (P)
            Arrival:=    3.070        0.049

              Setup:-    0.113
      Required Time:=    2.957
       Launch Clock:=    0.049
          Data Path:+    2.109
              Slack:=    0.799

#--------------------------------------------------------------------------------------------------------------
# Timing Point                                    Flags  Arc    Edge  Cell       Fanout  Trans   Delay  Arrival  
#                                                                                         (ns)    (ns)     (ns)  
#--------------------------------------------------------------------------------------------------------------
  u_pe_muxpool_mul0_u_mul11_retime_s3_696_reg/CK  -      CK     R     (arrival)      18  0.081       -    0.049  
  u_pe_muxpool_mul0_u_mul11_retime_s3_696_reg/Q   -      CK->Q  F     DFFQX2          3  0.081   0.255    0.304  
  g242075/Y                                       -      A->Y   R     INVX3           3  0.042   0.035    0.339  
  g240361/Y                                       -      B->Y   F     NAND2X1         2  0.024   0.094    0.433  
  FE_RC_1821_0/Y                                  -      B->Y   R     NOR2X2          1  0.127   0.097    0.530  
  FE_RC_1820_0/Y                                  -      B->Y   F     NOR2X2          1  0.064   0.058    0.589  
  g235574/Y                                       -      B->Y   R     NAND2X4         2  0.046   0.044    0.633  
  g234305/Y                                       -      B->Y   F     NAND2X6         2  0.046   0.068    0.701  
  g232537/Y                                       -      B->Y   R     NOR2X4          1  0.071   0.064    0.764  
  g232415/Y                                       -      A->Y   F     NOR2X4          1  0.052   0.056    0.820  
  g231917/Y                                       -      B->Y   R     NOR2X8         23  0.046   0.088    0.908  
  g218667/Y                                       -      B->Y   F     NOR2XL          1  0.116   0.116    1.024  
  g215415/Y                                       -      A1->Y  R     OAI21X1         1  0.086   0.106    1.130  
  g247021/Y                                       -      B0->Y  F     OAI2BB1X2       2  0.091   0.141    1.272  
  g211553/Y                                       -      A->Y   R     NAND2X4         1  0.136   0.084    1.356  
  g210924/Y                                       -      B->Y   F     NOR2X4          3  0.043   0.048    1.403  
  g209847/Y                                       -      B->Y   R     NOR2BX2         2  0.048   0.093    1.496  
  g208997/Y                                       -      A1->Y  F     OAI21X1         2  0.113   0.177    1.673  
  g208414/Y                                       -      B->Y   R     NAND2BX1        2  0.178   0.139    1.812  
  g207232/Y                                       -      A->Y   F     NAND2X1         1  0.090   0.149    1.960  
  g207066/Y                                       -      AN->Y  F     NOR2BX1         1  0.151   0.130    2.090  
  g206229/Y                                       -      A1->Y  R     OAI21X2         1  0.055   0.068    2.158  
  u_pe_muxpool_mul0_retime_s4_379_reg/D           -      D      R     DFFQXL          1  0.055   0.000    2.158  
#--------------------------------------------------------------------------------------------------------------
Path 3: MET (0.808 ns) Setup Check with Pin u_pe_muxpool_mul0_retime_s4_382_reg/CK->D
               View: wc
              Group: sys_clk
         Startpoint: (R) u_pe_muxpool_mul0_u_mul11_retime_s3_696_reg/CK
              Clock: (R) sys_clk
           Endpoint: (R) u_pe_muxpool_mul0_retime_s4_382_reg/D
              Clock: (R) sys_clk

                       Capture       Launch
         Clock Edge:+    2.240        0.000
        Src Latency:+   -0.285       -1.074
        Net Latency:+    1.115 (P)    1.123 (P)
            Arrival:=    3.070        0.049

              Setup:-    0.122
      Required Time:=    2.949
       Launch Clock:=    0.049
          Data Path:+    2.092
              Slack:=    0.808

#--------------------------------------------------------------------------------------------------------------
# Timing Point                                    Flags  Arc    Edge  Cell       Fanout  Trans   Delay  Arrival  
#                                                                                         (ns)    (ns)     (ns)  
#--------------------------------------------------------------------------------------------------------------
  u_pe_muxpool_mul0_u_mul11_retime_s3_696_reg/CK  -      CK     R     (arrival)      18  0.081       -    0.049  
  u_pe_muxpool_mul0_u_mul11_retime_s3_696_reg/Q   -      CK->Q  F     DFFQX2          3  0.081   0.255    0.304  
  g242075/Y                                       -      A->Y   R     INVX3           3  0.042   0.035    0.339  
  g240361/Y                                       -      B->Y   F     NAND2X1         2  0.024   0.094    0.433  
  FE_RC_1821_0/Y                                  -      B->Y   R     NOR2X2          1  0.127   0.097    0.530  
  FE_RC_1820_0/Y                                  -      B->Y   F     NOR2X2          1  0.064   0.058    0.589  
  g235574/Y                                       -      B->Y   R     NAND2X4         2  0.046   0.044    0.632  
  g234305/Y                                       -      B->Y   F     NAND2X6         2  0.046   0.068    0.700  
  g232537/Y                                       -      B->Y   R     NOR2X4          1  0.071   0.064    0.764  
  g232415/Y                                       -      A->Y   F     NOR2X4          1  0.052   0.056    0.820  
  g231917/Y                                       -      B->Y   R     NOR2X8         23  0.046   0.088    0.908  
  g218758/Y                                       -      B->Y   F     NOR2X1          1  0.116   0.095    1.003  
  g218441/Y                                       -      B0->Y  R     AOI21X1         2  0.065   0.107    1.110  
  g215303/Y                                       -      B->Y   F     NAND2X2         1  0.112   0.097    1.207  
  g212736/Y                                       -      A->Y   R     NOR2X2          1  0.067   0.087    1.294  
  g211553/Y                                       -      B->Y   F     NAND2X4         1  0.074   0.077    1.372  
  g210924/Y                                       -      B->Y   R     NOR2X4          3  0.066   0.075    1.447  
  g209847/Y                                       -      B->Y   F     NOR2BX2         2  0.075   0.077    1.524  
  g208997/Y                                       -      A1->Y  R     OAI21X1         2  0.068   0.133    1.657  
  g208414/Y                                       -      B->Y   F     NAND2BX1        2  0.152   0.178    1.835  
  g207319/Y                                       -      A->Y   R     NOR2X2          2  0.163   0.147    1.982  
  g207192/Y                                       -      A->Y   F     INVX1           1  0.101   0.082    2.064  
  g206252/Y                                       -      A1->Y  R     OAI21X1         1  0.048   0.076    2.141  
  u_pe_muxpool_mul0_retime_s4_382_reg/D           -      D      R     DFFHQX1         1  0.078   0.000    2.141  
#--------------------------------------------------------------------------------------------------------------
Path 4: MET (0.821 ns) Setup Check with Pin u_pe_muxpool_u_tree_u_add_l1_0_retime_s2_51_reg/CK->D
               View: wc
              Group: sys_clk
         Startpoint: (R) u_pe_muxpool_u_tree_u_add_l1_0_retime_s1_23_reg/CK
              Clock: (R) sys_clk
           Endpoint: (F) u_pe_muxpool_u_tree_u_add_l1_0_retime_s2_51_reg/D
              Clock: (R) sys_clk

                       Capture       Launch
         Clock Edge:+    2.240        0.000
        Src Latency:+   -0.285       -1.074
        Net Latency:+    1.137 (P)    1.122 (P)
            Arrival:=    3.092        0.048

              Setup:-    0.170
      Required Time:=    2.921
       Launch Clock:=    0.048
          Data Path:+    2.053
              Slack:=    0.821

#--------------------------------------------------------------------------------------------------------------------
# Timing Point                                          Flags  Arc    Edge  Cell       Fanout  Trans   Delay  Arrival  
#                                                                                               (ns)    (ns)     (ns)  
#--------------------------------------------------------------------------------------------------------------------
  u_pe_muxpool_u_tree_u_add_l1_0_retime_s1_23_reg/CK    -      CK     R     (arrival)      15  0.079       -    0.048  
  u_pe_muxpool_u_tree_u_add_l1_0_retime_s1_23_reg/Q     -      CK->Q  R     MDFFHQX8       13  0.079   0.299    0.347  
  g95867/Y                                              -      B->Y   F     NAND2BX1        1  0.065   0.104    0.450  
  g95866/Y                                              -      B->Y   R     NAND2X2         1  0.108   0.076    0.527  
  FE_OFC4953_u_pe_muxpool_u_tree_u_add_l1_0_s01_q_22/Y  -      A->Y   F     INVX3           2  0.045   0.048    0.575  
  g646/Y                                                -      B->Y   R     NOR2X6          5  0.043   0.068    0.643  
  FE_OFC3920_n_28163/Y                                  -      A->Y   F     INVX1           1  0.078   0.078    0.721  
  FE_RC_1477_0/Y                                        -      A1->Y  R     OAI22X4         3  0.062   0.112    0.833  
  g234767/Y                                             -      A->Y   F     CLKINVX4        3  0.129   0.092    0.925  
  g234428/Y                                             -      B->Y   R     NOR2X8          8  0.063   0.078    1.003  
  FE_OFC5522_n_18354/Y                                  -      A->Y   F     CLKINVX6        3  0.083   0.061    1.065  
  g233622/Y                                             -      B->Y   R     NOR2X1          1  0.044   0.118    1.183  
  FE_RC_1124_0/Y                                        -      B->Y   F     NOR2X2          1  0.158   0.110    1.292  
  g232859/Y                                             -      B->Y   R     NAND2X4         2  0.061   0.054    1.346  
  g232132/Y                                             -      A1->Y  F     AOI21X4         2  0.057   0.100    1.446  
  g231764/Y                                             -      B->Y   R     NOR2X4          4  0.097   0.107    1.554  
  FE_RC_124_0/Y                                         -      B->Y   F     NOR2BX2         3  0.108   0.105    1.658  
  FE_RC_302_0/Y                                         -      AN->Y  F     NAND2BX2        2  0.091   0.172    1.830  
  g212920/Y                                             -      B->Y   R     NOR2X1          1  0.123   0.134    1.964  
  g210329/Y                                             -      A1->Y  F     OAI21X1         1  0.119   0.137    2.100  
  u_pe_muxpool_u_tree_u_add_l1_0_retime_s2_51_reg/D     -      D      F     SDFFQX1         1  0.106   0.000    2.100  
#--------------------------------------------------------------------------------------------------------------------
Path 5: MET (0.837 ns) Setup Check with Pin u_pe_muxpool_u_tree_u_add_l1_0_retime_s2_40_reg/CK->D
               View: wc
              Group: sys_clk
         Startpoint: (R) u_pe_muxpool_u_tree_u_add_l1_0_retime_s1_23_reg/CK
              Clock: (R) sys_clk
           Endpoint: (F) u_pe_muxpool_u_tree_u_add_l1_0_retime_s2_40_reg/D
              Clock: (R) sys_clk

                       Capture       Launch
         Clock Edge:+    2.240        0.000
        Src Latency:+   -0.285       -1.074
        Net Latency:+    1.140 (P)    1.122 (P)
            Arrival:=    3.095        0.048

              Setup:-    0.059
      Required Time:=    3.037
       Launch Clock:=    0.048
          Data Path:+    2.153
              Slack:=    0.837

#--------------------------------------------------------------------------------------------------------------------
# Timing Point                                          Flags  Arc    Edge  Cell       Fanout  Trans   Delay  Arrival  
#                                                                                               (ns)    (ns)     (ns)  
#--------------------------------------------------------------------------------------------------------------------
  u_pe_muxpool_u_tree_u_add_l1_0_retime_s1_23_reg/CK    -      CK     R     (arrival)      15  0.079       -    0.048  
  u_pe_muxpool_u_tree_u_add_l1_0_retime_s1_23_reg/Q     -      CK->Q  R     MDFFHQX8       13  0.079   0.299    0.347  
  g95867/Y                                              -      B->Y   F     NAND2BX1        1  0.065   0.104    0.450  
  g95866/Y                                              -      B->Y   R     NAND2X2         1  0.108   0.076    0.527  
  FE_OFC4953_u_pe_muxpool_u_tree_u_add_l1_0_s01_q_22/Y  -      A->Y   F     INVX3           2  0.045   0.048    0.575  
  g646/Y                                                -      B->Y   R     NOR2X6          5  0.043   0.068    0.643  
  FE_OFC3920_n_28163/Y                                  -      A->Y   F     INVX1           1  0.078   0.078    0.721  
  FE_RC_1477_0/Y                                        -      A1->Y  R     OAI22X4         3  0.062   0.112    0.833  
  g234767/Y                                             -      A->Y   F     CLKINVX4        3  0.129   0.092    0.925  
  g234428/Y                                             -      B->Y   R     NOR2X8          8  0.063   0.078    1.003  
  FE_OFC5522_n_18354/Y                                  -      A->Y   F     CLKINVX6        3  0.083   0.061    1.065  
  g233622/Y                                             -      B->Y   R     NOR2X1          1  0.044   0.118    1.183  
  FE_RC_1124_0/Y                                        -      B->Y   F     NOR2X2          1  0.158   0.110    1.292  
  g232859/Y                                             -      B->Y   R     NAND2X4         2  0.061   0.054    1.346  
  g232132/Y                                             -      A1->Y  F     AOI21X4         2  0.057   0.100    1.446  
  g231764/Y                                             -      B->Y   R     NOR2X4          4  0.097   0.107    1.554  
  FE_RC_124_0/Y                                         -      B->Y   F     NOR2BX2         3  0.108   0.105    1.658  
  FE_RC_302_0/Y                                         -      AN->Y  F     NAND2BX2        2  0.091   0.172    1.830  
  FE_RC_1263_0/Y                                        -      C->Y   R     NOR3X2          2  0.123   0.114    1.944  
  g211665/Y                                             -      AN->Y  R     NOR2BX1         1  0.096   0.145    2.089  
  g209403/Y                                             -      A2->Y  F     OAI31X1         1  0.089   0.111    2.200  
  u_pe_muxpool_u_tree_u_add_l1_0_retime_s2_40_reg/D     -      D      F     DFFHQX1         1  0.098   0.000    2.200  
#--------------------------------------------------------------------------------------------------------------------
Path 6: MET (0.848 ns) Setup Check with Pin retime_s20_82_reg/CK->D
               View: wc
              Group: sys_clk
         Startpoint: (R) u_pe_muxpool_pool_mul_u_mul11/retime_s2_1188_reg/CK
              Clock: (R) sys_clk
           Endpoint: (R) retime_s20_82_reg/D
              Clock: (R) sys_clk

                       Capture       Launch
         Clock Edge:+    2.240        0.000
        Src Latency:+   -0.285       -1.074
        Net Latency:+    1.117 (P)    1.135 (P)
            Arrival:=    3.072        0.061

              Setup:-    0.219
      Required Time:=    2.854
       Launch Clock:=    0.061
          Data Path:+    1.945
              Slack:=    0.848

#-------------------------------------------------------------------------------------------------------------------
# Timing Point                                         Flags  Arc    Edge  Cell       Fanout  Trans   Delay  Arrival  
#                                                                                              (ns)    (ns)     (ns)  
#-------------------------------------------------------------------------------------------------------------------
  u_pe_muxpool_pool_mul_u_mul11/retime_s2_1188_reg/CK  -      CK     R     (arrival)      17  0.091       -    0.061  
  u_pe_muxpool_pool_mul_u_mul11/retime_s2_1188_reg/Q   -      CK->Q  F     MDFFHQX8       12  0.091   0.328    0.389  
  u_pe_muxpool_pool_mul_u_mul11/g40265/Y               -      B->Y   R     NOR2X2          2  0.072   0.112    0.501  
  FE_RC_2198_0/Y                                       -      AN->Y  R     NOR2BX1         1  0.129   0.164    0.666  
  FE_RC_2197_0/Y                                       -      B0->Y  F     AOI21X1         1  0.093   0.088    0.753  
  FE_OFC7026_n_14961/Y                                 -      A->Y   R     INVX2           3  0.138   0.109    0.863  
  FE_OFC7027_n_14961/Y                                 -      A->Y   F     INVX3           1  0.081   0.066    0.929  
  g237058/Y                                            -      A->Y   R     NOR2X6          3  0.048   0.072    1.000  
  FE_RC_1654_0/Y                                       -      B->Y   F     NOR2X4          1  0.067   0.052    1.053  
  FE_RC_1652_0/Y                                       -      B->Y   R     NOR2BX4         1  0.053   0.057    1.110  
  g234300/Y                                            -      B->Y   F     NOR2X4          2  0.054   0.052    1.161  
  FE_RC_2246_0/Y                                       -      B->Y   R     NOR2X6          1  0.063   0.059    1.221  
  g232749/Y                                            -      A1->Y  F     OAI21X4         3  0.051   0.120    1.341  
  g232518/Y                                            -      A->Y   R     INVX3           3  0.152   0.104    1.445  
  g242688/Y                                            -      B->Y   F     NAND2BX4        5  0.069   0.127    1.572  
  g229702/Y                                            -      B->Y   R     NOR2X2          1  0.156   0.123    1.696  
  FE_RC_1297_0/Y                                       -      B1->Y  F     AOI222X2        1  0.088   0.127    1.823  
  FE_OFC6437_n_7116/Y                                  -      A->Y   F     BUFX3           2  0.139   0.137    1.960  
  FE_OFC6438_n_7116/Y                                  -      A->Y   R     CLKINVX6        8  0.051   0.046    2.006  
  retime_s20_82_reg/D                                  -      D      R     SDFFQX1         8  0.042   0.000    2.006  
#-------------------------------------------------------------------------------------------------------------------
Path 7: MET (0.849 ns) Setup Check with Pin retime_s20_83_reg/CK->SI
               View: wc
              Group: sys_clk
         Startpoint: (R) u_pe_muxpool_pool_mul_u_mul11/retime_s2_1188_reg/CK
              Clock: (R) sys_clk
           Endpoint: (R) retime_s20_83_reg/SI
              Clock: (R) sys_clk

                       Capture       Launch
         Clock Edge:+    2.240        0.000
        Src Latency:+   -0.285       -1.074
        Net Latency:+    1.117 (P)    1.135 (P)
            Arrival:=    3.072        0.061

              Setup:-    0.217
      Required Time:=    2.855
       Launch Clock:=    0.061
          Data Path:+    1.945
              Slack:=    0.849

#-------------------------------------------------------------------------------------------------------------------
# Timing Point                                         Flags  Arc    Edge  Cell       Fanout  Trans   Delay  Arrival  
#                                                                                              (ns)    (ns)     (ns)  
#-------------------------------------------------------------------------------------------------------------------
  u_pe_muxpool_pool_mul_u_mul11/retime_s2_1188_reg/CK  -      CK     R     (arrival)      17  0.091       -    0.061  
  u_pe_muxpool_pool_mul_u_mul11/retime_s2_1188_reg/Q   -      CK->Q  F     MDFFHQX8       12  0.091   0.328    0.389  
  u_pe_muxpool_pool_mul_u_mul11/g40265/Y               -      B->Y   R     NOR2X2          2  0.072   0.112    0.501  
  FE_RC_2198_0/Y                                       -      AN->Y  R     NOR2BX1         1  0.129   0.164    0.666  
  FE_RC_2197_0/Y                                       -      B0->Y  F     AOI21X1         1  0.093   0.088    0.753  
  FE_OFC7026_n_14961/Y                                 -      A->Y   R     INVX2           3  0.138   0.109    0.863  
  FE_OFC7027_n_14961/Y                                 -      A->Y   F     INVX3           1  0.081   0.066    0.929  
  g237058/Y                                            -      A->Y   R     NOR2X6          3  0.048   0.072    1.000  
  FE_RC_1654_0/Y                                       -      B->Y   F     NOR2X4          1  0.067   0.052    1.053  
  FE_RC_1652_0/Y                                       -      B->Y   R     NOR2BX4         1  0.053   0.057    1.110  
  g234300/Y                                            -      B->Y   F     NOR2X4          2  0.054   0.052    1.161  
  FE_RC_2246_0/Y                                       -      B->Y   R     NOR2X6          1  0.063   0.059    1.221  
  g232749/Y                                            -      A1->Y  F     OAI21X4         3  0.051   0.120    1.341  
  g232518/Y                                            -      A->Y   R     INVX3           3  0.152   0.104    1.445  
  g242688/Y                                            -      B->Y   F     NAND2BX4        5  0.069   0.127    1.572  
  g229702/Y                                            -      B->Y   R     NOR2X2          1  0.156   0.123    1.695  
  FE_RC_1297_0/Y                                       -      B1->Y  F     AOI222X2        1  0.088   0.127    1.823  
  FE_OFC6437_n_7116/Y                                  -      A->Y   F     BUFX3           2  0.139   0.137    1.960  
  FE_OFC6438_n_7116/Y                                  -      A->Y   R     CLKINVX6        8  0.051   0.046    2.006  
  retime_s20_83_reg/SI                                 -      SI     R     SDFFQX1         8  0.042   0.000    2.006  
#-------------------------------------------------------------------------------------------------------------------
Path 8: MET (0.849 ns) Setup Check with Pin retime_s20_86_reg/CK->SI
               View: wc
              Group: sys_clk
         Startpoint: (R) u_pe_muxpool_pool_mul_u_mul11/retime_s2_1188_reg/CK
              Clock: (R) sys_clk
           Endpoint: (R) retime_s20_86_reg/SI
              Clock: (R) sys_clk

                       Capture       Launch
         Clock Edge:+    2.240        0.000
        Src Latency:+   -0.285       -1.074
        Net Latency:+    1.117 (P)    1.135 (P)
            Arrival:=    3.072        0.061

              Setup:-    0.217
      Required Time:=    2.855
       Launch Clock:=    0.061
          Data Path:+    1.945
              Slack:=    0.849

#-------------------------------------------------------------------------------------------------------------------
# Timing Point                                         Flags  Arc    Edge  Cell       Fanout  Trans   Delay  Arrival  
#                                                                                              (ns)    (ns)     (ns)  
#-------------------------------------------------------------------------------------------------------------------
  u_pe_muxpool_pool_mul_u_mul11/retime_s2_1188_reg/CK  -      CK     R     (arrival)      17  0.091       -    0.061  
  u_pe_muxpool_pool_mul_u_mul11/retime_s2_1188_reg/Q   -      CK->Q  F     MDFFHQX8       12  0.091   0.328    0.389  
  u_pe_muxpool_pool_mul_u_mul11/g40265/Y               -      B->Y   R     NOR2X2          2  0.072   0.112    0.501  
  FE_RC_2198_0/Y                                       -      AN->Y  R     NOR2BX1         1  0.129   0.164    0.666  
  FE_RC_2197_0/Y                                       -      B0->Y  F     AOI21X1         1  0.093   0.088    0.753  
  FE_OFC7026_n_14961/Y                                 -      A->Y   R     INVX2           3  0.138   0.109    0.863  
  FE_OFC7027_n_14961/Y                                 -      A->Y   F     INVX3           1  0.081   0.066    0.929  
  g237058/Y                                            -      A->Y   R     NOR2X6          3  0.048   0.072    1.000  
  FE_RC_1654_0/Y                                       -      B->Y   F     NOR2X4          1  0.067   0.052    1.053  
  FE_RC_1652_0/Y                                       -      B->Y   R     NOR2BX4         1  0.053   0.057    1.110  
  g234300/Y                                            -      B->Y   F     NOR2X4          2  0.054   0.052    1.161  
  FE_RC_2246_0/Y                                       -      B->Y   R     NOR2X6          1  0.063   0.059    1.221  
  g232749/Y                                            -      A1->Y  F     OAI21X4         3  0.051   0.120    1.341  
  g232518/Y                                            -      A->Y   R     INVX3           3  0.152   0.104    1.445  
  g242688/Y                                            -      B->Y   F     NAND2BX4        5  0.069   0.127    1.572  
  g229702/Y                                            -      B->Y   R     NOR2X2          1  0.156   0.123    1.696  
  FE_RC_1297_0/Y                                       -      B1->Y  F     AOI222X2        1  0.088   0.127    1.823  
  FE_OFC6437_n_7116/Y                                  -      A->Y   F     BUFX3           2  0.139   0.137    1.960  
  FE_OFC6438_n_7116/Y                                  -      A->Y   R     CLKINVX6        8  0.051   0.046    2.006  
  retime_s20_86_reg/SI                                 -      SI     R     SDFFQX1         8  0.042   0.000    2.006  
#-------------------------------------------------------------------------------------------------------------------
Path 9: MET (0.850 ns) Setup Check with Pin u_pe_muxpool_u_tree_u_add_l1_0_retime_s2_38_reg/CK->D
               View: wc
              Group: sys_clk
         Startpoint: (R) u_pe_muxpool_u_tree_u_add_l1_0_retime_s1_24_reg/CK
              Clock: (R) sys_clk
           Endpoint: (F) u_pe_muxpool_u_tree_u_add_l1_0_retime_s2_38_reg/D
              Clock: (R) sys_clk

                       Capture       Launch
         Clock Edge:+    2.240        0.000
        Src Latency:+   -0.285       -1.074
        Net Latency:+    1.148 (P)    1.121 (P)
            Arrival:=    3.103        0.047

              Setup:-    0.054
      Required Time:=    3.049
       Launch Clock:=    0.047
          Data Path:+    2.152
              Slack:=    0.850

#-------------------------------------------------------------------------------------------------------------------
# Timing Point                                        Flags  Arc     Edge  Cell       Fanout  Trans   Delay  Arrival  
#                                                                                              (ns)    (ns)     (ns)  
#-------------------------------------------------------------------------------------------------------------------
  u_pe_muxpool_u_tree_u_add_l1_0_retime_s1_24_reg/CK  -      CK      R     (arrival)      15  0.079       -    0.047  
  u_pe_muxpool_u_tree_u_add_l1_0_retime_s1_24_reg/Q   -      CK->Q   F     MDFFHQX8       13  0.079   0.321    0.369  
  FE_OFC4344_u_pe_muxpool_u_tree_u_add_l1_0_n_1130/Y  -      A->Y    F     BUFX3          20  0.071   0.129    0.498  
  g95945/Y                                            -      A0->Y   F     AO22X1          5  0.094   0.262    0.760  
  g240375/Y                                           -      A->Y    R     NOR2X1          2  0.162   0.166    0.926  
  g233939/Y                                           -      B0->Y   F     OAI21X1         1  0.130   0.178    1.104  
  g232836/Y                                           -      A1N->Y  F     OAI2BB1X1       1  0.163   0.157    1.261  
  g231799/Y                                           -      B0->Y   R     AOI31X1         1  0.077   0.117    1.378  
  g231032/Y                                           -      B->Y    F     NAND3X2         1  0.113   0.184    1.562  
  FE_RC_434_0/Y                                       -      A->Y    R     NOR2X4          1  0.181   0.125    1.687  
  FE_RC_433_0/Y                                       -      B->Y    F     NOR2X4          2  0.057   0.055    1.742  
  FE_RC_2262_0/Y                                      -      A->Y    R     NOR2X6          1  0.066   0.068    1.810  
  FE_RC_2261_0/Y                                      -      B->Y    F     NAND2BX4        2  0.046   0.075    1.885  
  FE_OFC5109_n_29502/Y                                -      A->Y    R     CLKINVX4        2  0.082   0.056    1.941  
  g243616/Y                                           -      B->Y    F     NAND2BX4        2  0.038   0.082    2.024  
  g211552/Y                                           -      B->Y    R     NOR2BX2         1  0.100   0.083    2.107  
  FE_RC_1152_0/Y                                      -      A1->Y   F     OAI21X2         1  0.060   0.092    2.199  
  u_pe_muxpool_u_tree_u_add_l1_0_retime_s2_38_reg/D   -      D       F     DFFHQX4         1  0.094   0.000    2.199  
#-------------------------------------------------------------------------------------------------------------------
Path 10: MET (0.850 ns) Setup Check with Pin retime_s20_12_reg/CK->D
               View: wc
              Group: sys_clk
         Startpoint: (R) u_pe_muxpool_pool_mul_u_mul11/retime_s2_1188_reg/CK
              Clock: (R) sys_clk
           Endpoint: (R) retime_s20_12_reg/D
              Clock: (R) sys_clk

                       Capture       Launch
         Clock Edge:+    2.240        0.000
        Src Latency:+   -0.285       -1.074
        Net Latency:+    1.099 (P)    1.135 (P)
            Arrival:=    3.054        0.061

              Setup:-    0.130
      Required Time:=    2.924
       Launch Clock:=    0.061
          Data Path:+    2.012
              Slack:=    0.850

#--------------------------------------------------------------------------------------------------------------------
# Timing Point                                         Flags  Arc     Edge  Cell       Fanout  Trans   Delay  Arrival  
#                                                                                               (ns)    (ns)     (ns)  
#--------------------------------------------------------------------------------------------------------------------
  u_pe_muxpool_pool_mul_u_mul11/retime_s2_1188_reg/CK  -      CK      R     (arrival)      17  0.091       -    0.061  
  u_pe_muxpool_pool_mul_u_mul11/retime_s2_1188_reg/Q   -      CK->Q   F     MDFFHQX8       12  0.091   0.328    0.389  
  u_pe_muxpool_pool_mul_u_mul11/g40265/Y               -      B->Y    R     NOR2X2          2  0.072   0.112    0.501  
  FE_RC_2198_0/Y                                       -      AN->Y   R     NOR2BX1         1  0.129   0.164    0.666  
  FE_RC_2197_0/Y                                       -      B0->Y   F     AOI21X1         1  0.093   0.088    0.753  
  FE_OFC7026_n_14961/Y                                 -      A->Y    R     INVX2           3  0.138   0.109    0.863  
  FE_OFC7027_n_14961/Y                                 -      A->Y    F     INVX3           1  0.081   0.066    0.929  
  g237058/Y                                            -      A->Y    R     NOR2X6          3  0.048   0.072    1.000  
  g246689/Y                                            -      A1N->Y  R     AOI2BB1X1       1  0.067   0.118    1.118  
  g233933/Y                                            -      A1->Y   F     OAI21X1         1  0.085   0.144    1.262  
  g246624/Y                                            -      A0->Y   R     OAI21X4         3  0.159   0.142    1.404  
  g232343/Y                                            -      B->Y    F     NAND2X4         5  0.091   0.137    1.541  
  FE_RC_2136_0/Y                                       -      AN->Y   F     NOR2BX4         1  0.158   0.189    1.730  
  FE_RC_2135_0/Y                                       -      A->Y    R     NAND2X4         1  0.046   0.049    1.779  
  FE_RC_2138_0/Y                                       -      A1->Y   F     AOI21X4         1  0.048   0.083    1.862  
  FE_OFC1090_n_7107/Y                                  -      A->Y    F     BUFX12          9  0.082   0.124    1.986  
  g210735/Y                                            -      A1->Y   R     OAI21X1         1  0.061   0.088    2.073  
  retime_s20_12_reg/D                                  -      D       R     DFFQXL          1  0.088   0.000    2.073  
#--------------------------------------------------------------------------------------------------------------------

